Modules list:
-------------
game.c.1513054.0.o:
    CODE              Offs=000000  Size=001108  Align=00001  Fill=0000
    RODATA            Offs=000000  Size=000006  Align=00001  Fill=0000
main.c.1513054.1.o:
    CODE              Offs=001108  Size=000515  Align=00001  Fill=0000
    RODATA            Offs=000006  Size=0000D1  Align=00001  Fill=0000
    BSS               Offs=000000  Size=0003C5  Align=00001  Fill=0000
    DATA              Offs=000000  Size=000001  Align=00001  Fill=0000
maze.c.1513054.2.o:
    CODE              Offs=00161D  Size=000239  Align=00001  Fill=0000
    RODATA            Offs=0000D7  Size=0001A4  Align=00001  Fill=0000
/tmp/cc65/share/cc65/lib/c64.lib(add.o):
    CODE              Offs=001856  Size=00001C  Align=00001  Fill=0000
/tmp/cc65/share/cc65/lib/c64.lib(addysp.o):
    CODE              Offs=001872  Size=00000E  Align=00001  Fill=0000
/tmp/cc65/share/cc65/lib/c64.lib(aslax1.o):
    CODE              Offs=001880  Size=000008  Align=00001  Fill=0000
/tmp/cc65/share/cc65/lib/c64.lib(aslax3.o):
    CODE              Offs=001888  Size=00000E  Align=00001  Fill=0000
/tmp/cc65/share/cc65/lib/c64.lib(bneg.o):
    CODE              Offs=001896  Size=00000E  Align=00001  Fill=0000
/tmp/cc65/share/cc65/lib/c64.lib(bordercolor.o):
    CODE              Offs=0018A4  Size=000008  Align=00001  Fill=0000
/tmp/cc65/share/cc65/lib/c64.lib(callmain.o):
    CODE              Offs=0018AC  Size=000017  Align=00001  Fill=0000
    DATA              Offs=000001  Size=000004  Align=00001  Fill=0000
/tmp/cc65/share/cc65/lib/c64.lib(clrscr.o):
/tmp/cc65/share/cc65/lib/c64.lib(color.o):
    CODE              Offs=0018C3  Size=000010  Align=00001  Fill=0000
/tmp/cc65/share/cc65/lib/c64.lib(condes.o):
    CODE              Offs=0018D3  Size=00000C  Align=00001  Fill=0000
    DATA              Offs=000005  Size=000025  Align=00001  Fill=0000
    ONCE              Offs=000000  Size=00000C  Align=00001  Fill=0000
/tmp/cc65/share/cc65/lib/c64.lib(conio.o):
/tmp/cc65/share/cc65/lib/c64.lib(cputc.o):
    CODE              Offs=0018DF  Size=00006D  Align=00001  Fill=0000
/tmp/cc65/share/cc65/lib/c64.lib(cputs.o):
    CODE              Offs=00194C  Size=000020  Align=00001  Fill=0000
/tmp/cc65/share/cc65/lib/c64.lib(crt0.o):
    STARTUP           Offs=000000  Size=000033  Align=00001  Fill=0000
    ONCE              Offs=00000C  Size=00001A  Align=00001  Fill=0000
    INIT              Offs=000000  Size=00001C  Align=00001  Fill=0000
/tmp/cc65/share/cc65/lib/c64.lib(decsp1.o):
    CODE              Offs=00196C  Size=000009  Align=00001  Fill=0000
/tmp/cc65/share/cc65/lib/c64.lib(decsp2.o):
    CODE              Offs=001975  Size=00000D  Align=00001  Fill=0000
/tmp/cc65/share/cc65/lib/c64.lib(decsp4.o):
    CODE              Offs=001982  Size=00000D  Align=00001  Fill=0000
/tmp/cc65/share/cc65/lib/c64.lib(decsp7.o):
    CODE              Offs=00198F  Size=00000D  Align=00001  Fill=0000
/tmp/cc65/share/cc65/lib/c64.lib(exehdr.o):
    EXEHDR            Offs=000000  Size=00000C  Align=00001  Fill=0000
/tmp/cc65/share/cc65/lib/c64.lib(gotoxy.o):
    CODE              Offs=00199C  Size=00000D  Align=00001  Fill=0000
/tmp/cc65/share/cc65/lib/c64.lib(icmp.o):
    CODE              Offs=0019A9  Size=00002E  Align=00001  Fill=0000
/tmp/cc65/share/cc65/lib/c64.lib(incax1.o):
    CODE              Offs=0019D7  Size=000007  Align=00001  Fill=0000
/tmp/cc65/share/cc65/lib/c64.lib(incax2.o):
    CODE              Offs=0019DE  Size=000007  Align=00001  Fill=0000
/tmp/cc65/share/cc65/lib/c64.lib(incax7.o):
    CODE              Offs=0019E5  Size=000005  Align=00001  Fill=0000
/tmp/cc65/share/cc65/lib/c64.lib(incaxy.o):
    CODE              Offs=0019EA  Size=00000B  Align=00001  Fill=0000
/tmp/cc65/share/cc65/lib/c64.lib(incsp1.o):
    CODE              Offs=0019F5  Size=000007  Align=00001  Fill=0000
/tmp/cc65/share/cc65/lib/c64.lib(incsp2.o):
    CODE              Offs=0019FC  Size=000016  Align=00001  Fill=0000
/tmp/cc65/share/cc65/lib/c64.lib(incsp3.o):
    CODE              Offs=001A12  Size=000005  Align=00001  Fill=0000
/tmp/cc65/share/cc65/lib/c64.lib(incsp4.o):
    CODE              Offs=001A17  Size=000005  Align=00001  Fill=0000
/tmp/cc65/share/cc65/lib/c64.lib(incsp5.o):
    CODE              Offs=001A1C  Size=000005  Align=00001  Fill=0000
/tmp/cc65/share/cc65/lib/c64.lib(incsp6.o):
    CODE              Offs=001A21  Size=000005  Align=00001  Fill=0000
/tmp/cc65/share/cc65/lib/c64.lib(incsp7.o):
    CODE              Offs=001A26  Size=000005  Align=00001  Fill=0000
/tmp/cc65/share/cc65/lib/c64.lib(kernal.o):
/tmp/cc65/share/cc65/lib/c64.lib(kplot.o):
    CODE              Offs=001A2B  Size=00000B  Align=00001  Fill=0000
/tmp/cc65/share/cc65/lib/c64.lib(ldai.o):
    CODE              Offs=001A36  Size=00000C  Align=00001  Fill=0000
/tmp/cc65/share/cc65/lib/c64.lib(ldaxi.o):
    CODE              Offs=001A42  Size=00000D  Align=00001  Fill=0000
/tmp/cc65/share/cc65/lib/c64.lib(ldaxsp.o):
    CODE              Offs=001A4F  Size=000009  Align=00001  Fill=0000
/tmp/cc65/share/cc65/lib/c64.lib(ldptr1sp.o):
    CODE              Offs=001A58  Size=00000C  Align=00001  Fill=0000
/tmp/cc65/share/cc65/lib/c64.lib(leaaxsp.o):
    CODE              Offs=001A64  Size=00000C  Align=00001  Fill=0000
/tmp/cc65/share/cc65/lib/c64.lib(loadaddr.o):
    LOADADDR          Offs=000000  Size=000002  Align=00001  Fill=0000
/tmp/cc65/share/cc65/lib/c64.lib(memset.o):
    CODE              Offs=001A70  Size=00005D  Align=00001  Fill=0000
/tmp/cc65/share/cc65/lib/c64.lib(mul8.o):
    CODE              Offs=001ACD  Size=00003A  Align=00001  Fill=0000
/tmp/cc65/share/cc65/lib/c64.lib(popa.o):
    CODE              Offs=001B07  Size=00000C  Align=00001  Fill=0000
/tmp/cc65/share/cc65/lib/c64.lib(popptr1.o):
    CODE              Offs=001B13  Size=00000E  Align=00001  Fill=0000
/tmp/cc65/share/cc65/lib/c64.lib(pusha.o):
    CODE              Offs=001B21  Size=000016  Align=00001  Fill=0000
/tmp/cc65/share/cc65/lib/c64.lib(pushax.o):
    CODE              Offs=001B37  Size=00001A  Align=00001  Fill=0000
/tmp/cc65/share/cc65/lib/c64.lib(pushw.o):
    CODE              Offs=001B51  Size=00000F  Align=00001  Fill=0000
/tmp/cc65/share/cc65/lib/c64.lib(pushwsp.o):
    CODE              Offs=001B60  Size=00001C  Align=00001  Fill=0000
/tmp/cc65/share/cc65/lib/c64.lib(rand.o):
    CODE              Offs=001B7C  Size=000034  Align=00001  Fill=0000
    DATA              Offs=00002A  Size=000004  Align=00001  Fill=0000
/tmp/cc65/share/cc65/lib/c64.lib(staspidx.o):
    CODE              Offs=001BB0  Size=000016  Align=00001  Fill=0000
/tmp/cc65/share/cc65/lib/c64.lib(staxsp.o):
    CODE              Offs=001BC6  Size=00000B  Align=00001  Fill=0000
/tmp/cc65/share/cc65/lib/c64.lib(staxspi.o):
    CODE              Offs=001BD1  Size=00001B  Align=00001  Fill=0000
/tmp/cc65/share/cc65/lib/c64.lib(sub.o):
    CODE              Offs=001BEC  Size=000015  Align=00001  Fill=0000
/tmp/cc65/share/cc65/lib/c64.lib(subeqsp.o):
    CODE              Offs=001C01  Size=000015  Align=00001  Fill=0000
/tmp/cc65/share/cc65/lib/c64.lib(udiv.o):
    CODE              Offs=001C16  Size=00004F  Align=00001  Fill=0000
/tmp/cc65/share/cc65/lib/c64.lib(umod.o):
    CODE              Offs=001C65  Size=000011  Align=00001  Fill=0000
/tmp/cc65/share/cc65/lib/c64.lib(zerobss.o):
    CODE              Offs=001C76  Size=000023  Align=00001  Fill=0000
/tmp/cc65/share/cc65/lib/c64.lib(zeropage.o):
    ZEROPAGE          Offs=000000  Size=00001A  Align=00001  Fill=0000


Segment list:
-------------
Name                   Start     End    Size  Align
----------------------------------------------------
ZEROPAGE              000002  00001B  00001A  00001
LOADADDR              0007FF  000800  000002  00001
EXEHDR                000801  00080C  00000C  00001
STARTUP               00080D  00083F  000033  00001
CODE                  000840  0024D8  001C99  00001
RODATA                0024D9  002753  00027B  00001
DATA                  002754  002781  00002E  00001
INIT                  002782  00279D  00001C  00001
BSS                   00279E  002B62  0003C5  00001
ONCE                  00279E  0027C3  000026  00001


Exports list by name:
---------------------
BSOUT                     00FFD2 RLA    CURS_X                    0000D3 RLZ    
CURS_Y                    0000D6 RLZ    PLOT                      00226B RLA    
__BSS_RUN__               00279E RLA    __BSS_SIZE__              0003C5 REA    
__CONSTRUCTOR_COUNT__     000000 REA    __CONSTRUCTOR_TABLE__     0027C4 RLA    
__DESTRUCTOR_COUNT__      000000 REA    __DESTRUCTOR_TABLE__      002754 RLA    
__EXEHDR__                000001 REA    __HEADER_LAST__           00080D RLA    
__HIMEM__                 00D000 REA    __LOADADDR__              000001 REA    
__MAIN_SIZE__             00C7F3 REA    __MAIN_START__            00080D RLA    
__ONCE_RUN__              00279E RLA    __STACKSIZE__             000800 REA    
__STARTUP__               000001 REA    ___bzero                  0022B0 RLA    
_bgcolor                  00210B RLA    _bordercolor              0020E4 RLA    
_clrscr                   00E544 REA    _cputc                    002124 RLA    
_cputcxy                  00211F RLA    _cputsxy                  00218C RLA    
_game_init                000840 RLA    _game_reset_level         000D14 RLA    
_game_update              000F86 RLA    _main                     001D97 RLA    
_maze_get_dot             001FE1 RLA    _maze_init                001E5D RLA    
_maze_is_wall             001FA5 RLA    _maze_remove_dot          00201C RLA    
_rand                     0023C8 RLA    _textcolor                002103 RLA    
addysp                    0020B3 RLA    addysp1                   0020B2 RLA    
aslax3                    0020C8 RLA    bnega                     0020DA RLA    
c_sp                      000002 RLZ    callmain                  0020EC RLA    
decsp1                    0021AC RLA    decsp2                    0021B5 RLA    
decsp4                    0021C2 RLA    decsp7                    0021CF RLA    
donelib                   002113 RLA    gotoxy                    0021DC RLA    
incax1                    002217 RLA    incax2                    00221E RLA    
incax7                    002225 RLA    incaxy                    00222C RLA    
incsp1                    002235 RLA    incsp2                    002244 RLA    
incsp3                    002252 RLA    incsp4                    002257 RLA    
incsp5                    00225C RLA    incsp6                    002261 RLA    
incsp7                    002266 RLA    initlib                   00279E RLA    
ldaidx                    002276 RLA    ldax0sp                   00228F RLA    
ldaxidx                   002284 RLA    ldaxysp                   002291 RLA    
ldptr10sp                 002298 RLA    ldptr1ysp                 00229A RLA    
leaa0sp                   0022A4 RLA    leaaxsp                   0022A6 RLA    
plot                      002178 RLA    popa                      002347 RLA    
popax                     00223C RLA    popptr1                   002353 RLA    
ptr1                      00000A RLZ    ptr2                      00000C RLZ    
ptr3                      00000E RLZ    ptr4                      000010 RLZ    
pusha                     002365 RLA    pusha0                    002379 RLA    
pushax                    00237B RLA    pushw0sp                  0023A0 RLA    
pushwidx                  002393 RLA    pushwysp                  0023A2 RLA    
shlax1                    0020C0 RLA    sreg                      000004 RLZ    
staspidx                  0023F0 RLA    staxspidx                 002411 RLA    
staxysp                   002408 RLA    subeqysp                  002443 RLA    
tmp1                      000012 RLZ    tosaddax                  002098 RLA    
tosicmp                   0021EB RLA    tosmula0                  00230D RLA    
tossuba0                  00242C RLA    tosudiva0                 002456 RLA    
tosudivax                 002458 RLA    tosumoda0                 0024A5 RLA    
udiv16                    002467 RLA    zerobss                   0024B6 RLA    



Exports list by value:
----------------------
__CONSTRUCTOR_COUNT__     000000 REA    __DESTRUCTOR_COUNT__      000000 REA    
__EXEHDR__                000001 REA    __LOADADDR__              000001 REA    
__STARTUP__               000001 REA    c_sp                      000002 RLZ    
sreg                      000004 RLZ    ptr1                      00000A RLZ    
ptr2                      00000C RLZ    ptr3                      00000E RLZ    
ptr4                      000010 RLZ    tmp1                      000012 RLZ    
CURS_X                    0000D3 RLZ    CURS_Y                    0000D6 RLZ    
__BSS_SIZE__              0003C5 REA    __STACKSIZE__             000800 REA    
__HEADER_LAST__           00080D RLA    __MAIN_START__            00080D RLA    
_game_init                000840 RLA    _game_reset_level         000D14 RLA    
_game_update              000F86 RLA    _main                     001D97 RLA    
_maze_init                001E5D RLA    _maze_is_wall             001FA5 RLA    
_maze_get_dot             001FE1 RLA    _maze_remove_dot          00201C RLA    
tosaddax                  002098 RLA    addysp1                   0020B2 RLA    
addysp                    0020B3 RLA    shlax1                    0020C0 RLA    
aslax3                    0020C8 RLA    bnega                     0020DA RLA    
_bordercolor              0020E4 RLA    callmain                  0020EC RLA    
_textcolor                002103 RLA    _bgcolor                  00210B RLA    
donelib                   002113 RLA    _cputcxy                  00211F RLA    
_cputc                    002124 RLA    plot                      002178 RLA    
_cputsxy                  00218C RLA    decsp1                    0021AC RLA    
decsp2                    0021B5 RLA    decsp4                    0021C2 RLA    
decsp7                    0021CF RLA    gotoxy                    0021DC RLA    
tosicmp                   0021EB RLA    incax1                    002217 RLA    
incax2                    00221E RLA    incax7                    002225 RLA    
incaxy                    00222C RLA    incsp1                    002235 RLA    
popax                     00223C RLA    incsp2                    002244 RLA    
incsp3                    002252 RLA    incsp4                    002257 RLA    
incsp5                    00225C RLA    incsp6                    002261 RLA    
incsp7                    002266 RLA    PLOT                      00226B RLA    
ldaidx                    002276 RLA    ldaxidx                   002284 RLA    
ldax0sp                   00228F RLA    ldaxysp                   002291 RLA    
ldptr10sp                 002298 RLA    ldptr1ysp                 00229A RLA    
leaa0sp                   0022A4 RLA    leaaxsp                   0022A6 RLA    
___bzero                  0022B0 RLA    tosmula0                  00230D RLA    
popa                      002347 RLA    popptr1                   002353 RLA    
pusha                     002365 RLA    pusha0                    002379 RLA    
pushax                    00237B RLA    pushwidx                  002393 RLA    
pushw0sp                  0023A0 RLA    pushwysp                  0023A2 RLA    
_rand                     0023C8 RLA    staspidx                  0023F0 RLA    
staxysp                   002408 RLA    staxspidx                 002411 RLA    
tossuba0                  00242C RLA    subeqysp                  002443 RLA    
tosudiva0                 002456 RLA    tosudivax                 002458 RLA    
udiv16                    002467 RLA    tosumoda0                 0024A5 RLA    
zerobss                   0024B6 RLA    __DESTRUCTOR_TABLE__      002754 RLA    
__BSS_RUN__               00279E RLA    __ONCE_RUN__              00279E RLA    
initlib                   00279E RLA    __CONSTRUCTOR_TABLE__     0027C4 RLA    
__MAIN_SIZE__             00C7F3 REA    __HIMEM__                 00D000 REA    
_clrscr                   00E544 REA    BSOUT                     00FFD2 RLA    



Imports list:
-------------
BSOUT (kernal.o):
    crt0.o                    c64/crt0.s:10
CURS_X (conio.o):
    gotoxy.o                  cbm/gotoxy.s:9
CURS_Y (conio.o):
    gotoxy.o                  cbm/gotoxy.s:9
PLOT (kplot.o):
    cputc.o                   c64/cputc.s:13
__BSS_RUN__ ([linker generated]):
    zerobss.o                 common/zerobss.s:8
__BSS_SIZE__ ([linker generated]):
    zerobss.o                 common/zerobss.s:8
__CONSTRUCTOR_COUNT__ ([linker generated]):
    condes.o                  runtime/condes.s:18
__CONSTRUCTOR_TABLE__ ([linker generated]):
    condes.o                  runtime/condes.s:18
__DESTRUCTOR_COUNT__ ([linker generated]):
    condes.o                  runtime/condes.s:19
__DESTRUCTOR_TABLE__ ([linker generated]):
    condes.o                  runtime/condes.s:19
__EXEHDR__ (exehdr.o):
    [linker generated]        /tmp/cc65/share/cc65/cfg/c64.cfg:6
__HEADER_LAST__ ([linker generated]):
    [linker generated]        /tmp/cc65/share/cc65/cfg/c64.cfg:14
    [linker generated]        /tmp/cc65/share/cc65/cfg/c64.cfg:14
__HIMEM__ ([linker generated]):
    [linker generated]        /tmp/cc65/share/cc65/cfg/c64.cfg:15
    [linker generated]        /tmp/cc65/share/cc65/cfg/c64.cfg:14
__LOADADDR__ (loadaddr.o):
    [linker generated]        /tmp/cc65/share/cc65/cfg/c64.cfg:5
__MAIN_SIZE__ ([linker generated]):
    crt0.o                    c64/crt0.s:11
__MAIN_START__ ([linker generated]):
    crt0.o                    c64/crt0.s:11
__ONCE_RUN__ ([linker generated]):
    [linker generated]        /tmp/cc65/share/cc65/cfg/c64.cfg:15
    [linker generated]        /tmp/cc65/share/cc65/cfg/c64.cfg:15
__STACKSIZE__ ([linker generated]):
    [linker generated]        /tmp/cc65/share/cc65/cfg/c64.cfg:15
__STARTUP__ (crt0.o):
    main.c.1513054.1.o        main.c.1513054.1.s:13
___bzero (memset.o):
    game.c.1513054.0.o        game.c.1513054.0.s:2363
_bgcolor (color.o):
    main.c.1513054.1.o        main.c.1513054.1.s:18
_bordercolor (bordercolor.o):
    main.c.1513054.1.o        main.c.1513054.1.s:19
_clrscr (clrscr.o):
    main.c.1513054.1.o        main.c.1513054.1.s:14
_cputc (cputc.o):
    cputs.o                   conio/cputs.s:9
_cputcxy (cputc.o):
    main.c.1513054.1.o        main.c.1513054.1.s:15
_cputsxy (cputs.o):
    main.c.1513054.1.o        main.c.1513054.1.s:16
_game_init (game.c.1513054.0.o):
    main.c.1513054.1.o        main.c.1513054.1.s:20
_game_reset_level (game.c.1513054.0.o):
    main.c.1513054.1.o        main.c.1513054.1.s:21
_game_update (game.c.1513054.0.o):
    main.c.1513054.1.o        main.c.1513054.1.s:22
_main (main.c.1513054.1.o):
    callmain.o                runtime/callmain.s:11
_maze_get_dot (maze.c.1513054.2.o):
    main.c.1513054.1.o        main.c.1513054.1.s:29
    game.c.1513054.0.o        game.c.1513054.0.s:31
_maze_init (maze.c.1513054.2.o):
    game.c.1513054.0.o        game.c.1513054.0.s:29
_maze_is_wall (maze.c.1513054.2.o):
    main.c.1513054.1.o        main.c.1513054.1.s:28
    game.c.1513054.0.o        game.c.1513054.0.s:30
_maze_remove_dot (maze.c.1513054.2.o):
    game.c.1513054.0.o        game.c.1513054.0.s:32
_rand (rand.o):
    game.c.1513054.0.o        game.c.1513054.0.s:13
_textcolor (color.o):
    main.c.1513054.1.o        main.c.1513054.1.s:17
addysp (addysp.o):
    incsp7.o                  runtime/incsp7.s:8
    incsp6.o                  runtime/incsp6.s:8
    incsp5.o                  runtime/incsp5.s:8
    incsp4.o                  runtime/incsp4.s:8
    incsp3.o                  runtime/incsp3.s:8
    main.c.1513054.1.o        main.c.1513054.1.s:849
addysp1 (addysp.o):
    sub.o                     runtime/sub.s:8
aslax3 (aslax3.o):
    game.c.1513054.0.o        game.c.1513054.0.s:2363
    game.c.1513054.0.o        game.c.1513054.0.s:2363
    game.c.1513054.0.o        game.c.1513054.0.s:2363
bnega (bneg.o):
    main.c.1513054.1.o        main.c.1513054.1.s:849
    game.c.1513054.0.o        game.c.1513054.0.s:2363
c_sp (zeropage.o):
    subeqsp.o                 runtime/subeqsp.s:8
    sub.o                     runtime/sub.s:9
    staxspi.o                 runtime/staxspi.s:10
    staxsp.o                  runtime/staxsp.s:8
    staspidx.o                runtime/staspidx.s:9
    pushwsp.o                 runtime/pushwsp.s:8
    pushax.o                  runtime/pushax.s:8
    pusha.o                   runtime/pusha.s:8
    popptr1.o                 runtime/popptr1.s:9
    popa.o                    runtime/popa.s:8
    memset.o                  common/memset.s:20
    leaaxsp.o                 runtime/leaaxsp.s:8
    ldptr1sp.o                runtime/ldptr1sp.s:8
    ldaxsp.o                  runtime/ldaxsp.s:8
    incsp2.o                  runtime/incsp2.s:8
    incsp1.o                  runtime/incsp1.s:8
    icmp.o                    runtime/icmp.s:9
    decsp7.o                  runtime/decsp7.s:8
    decsp4.o                  runtime/decsp4.s:8
    decsp2.o                  runtime/decsp2.s:8
    decsp1.o                  runtime/decsp1.s:8
    crt0.o                    /tmp/cc65-src/asminc/zeropage.inc:11
    addysp.o                  runtime/addysp.s:8
    add.o                     runtime/add.s:12
    maze.c.1513054.2.o        maze.c.1513054.2.s:10
    main.c.1513054.1.o        main.c.1513054.1.s:10
    game.c.1513054.0.o        game.c.1513054.0.s:10
callmain (callmain.o):
    crt0.o                    c64/crt0.s:9
decsp1 (decsp1.o):
    main.c.1513054.1.o        main.c.1513054.1.s:849
    main.c.1513054.1.o        main.c.1513054.1.s:849
    main.c.1513054.1.o        main.c.1513054.1.s:849
    game.c.1513054.0.o        game.c.1513054.0.s:2363
    game.c.1513054.0.o        game.c.1513054.0.s:2363
    game.c.1513054.0.o        game.c.1513054.0.s:2363
    game.c.1513054.0.o        game.c.1513054.0.s:2363
    game.c.1513054.0.o        game.c.1513054.0.s:2363
    game.c.1513054.0.o        game.c.1513054.0.s:2363
    game.c.1513054.0.o        game.c.1513054.0.s:2363
    game.c.1513054.0.o        game.c.1513054.0.s:2363
decsp2 (decsp2.o):
    maze.c.1513054.2.o        maze.c.1513054.2.s:794
    main.c.1513054.1.o        main.c.1513054.1.s:849
    game.c.1513054.0.o        game.c.1513054.0.s:2363
decsp4 (decsp4.o):
    game.c.1513054.0.o        game.c.1513054.0.s:2363
decsp7 (decsp7.o):
    main.c.1513054.1.o        main.c.1513054.1.s:849
donelib (condes.o):
    crt0.o                    c64/crt0.s:8
gotoxy (gotoxy.o):
    cputs.o                   conio/cputs.s:9
    cputc.o                   c64/cputc.s:12
incax1 (incax1.o):
    game.c.1513054.0.o        game.c.1513054.0.s:2363
incax2 (incax2.o):
    game.c.1513054.0.o        game.c.1513054.0.s:2363
incax7 (incax7.o):
    maze.c.1513054.2.o        maze.c.1513054.2.s:794
    game.c.1513054.0.o        game.c.1513054.0.s:2363
    game.c.1513054.0.o        game.c.1513054.0.s:2363
incaxy (incaxy.o):
    incax7.o                  runtime/incax7.s:8
    main.c.1513054.1.o        main.c.1513054.1.s:849
    main.c.1513054.1.o        main.c.1513054.1.s:849
    main.c.1513054.1.o        main.c.1513054.1.s:849
    main.c.1513054.1.o        main.c.1513054.1.s:849
    main.c.1513054.1.o        main.c.1513054.1.s:849
incsp1 (incsp1.o):
    main.c.1513054.1.o        main.c.1513054.1.s:849
    main.c.1513054.1.o        main.c.1513054.1.s:849
    main.c.1513054.1.o        main.c.1513054.1.s:849
    main.c.1513054.1.o        main.c.1513054.1.s:849
    game.c.1513054.0.o        game.c.1513054.0.s:2363
    game.c.1513054.0.o        game.c.1513054.0.s:2363
    game.c.1513054.0.o        game.c.1513054.0.s:2363
incsp2 (incsp2.o):
    staxspi.o                 runtime/staxspi.s:9
    staspidx.o                runtime/staspidx.s:8
    popptr1.o                 runtime/popptr1.s:8
    maze.c.1513054.2.o        maze.c.1513054.2.s:794
    maze.c.1513054.2.o        maze.c.1513054.2.s:794
    maze.c.1513054.2.o        maze.c.1513054.2.s:794
    main.c.1513054.1.o        main.c.1513054.1.s:849
    main.c.1513054.1.o        main.c.1513054.1.s:849
    game.c.1513054.0.o        game.c.1513054.0.s:2363
    game.c.1513054.0.o        game.c.1513054.0.s:2363
incsp3 (incsp3.o):
    main.c.1513054.1.o        main.c.1513054.1.s:849
    main.c.1513054.1.o        main.c.1513054.1.s:849
    game.c.1513054.0.o        game.c.1513054.0.s:2363
    game.c.1513054.0.o        game.c.1513054.0.s:2363
    game.c.1513054.0.o        game.c.1513054.0.s:2363
    game.c.1513054.0.o        game.c.1513054.0.s:2363
incsp4 (incsp4.o):
    maze.c.1513054.2.o        maze.c.1513054.2.s:794
    maze.c.1513054.2.o        maze.c.1513054.2.s:794
    main.c.1513054.1.o        main.c.1513054.1.s:849
    main.c.1513054.1.o        main.c.1513054.1.s:849
    game.c.1513054.0.o        game.c.1513054.0.s:2363
    game.c.1513054.0.o        game.c.1513054.0.s:2363
    game.c.1513054.0.o        game.c.1513054.0.s:2363
    game.c.1513054.0.o        game.c.1513054.0.s:2363
    game.c.1513054.0.o        game.c.1513054.0.s:2363
incsp5 (incsp5.o):
    main.c.1513054.1.o        main.c.1513054.1.s:849
    game.c.1513054.0.o        game.c.1513054.0.s:2363
incsp6 (incsp6.o):
    game.c.1513054.0.o        game.c.1513054.0.s:2363
    game.c.1513054.0.o        game.c.1513054.0.s:2363
    game.c.1513054.0.o        game.c.1513054.0.s:2363
incsp7 (incsp7.o):
    game.c.1513054.0.o        game.c.1513054.0.s:2363
initlib (condes.o):
    crt0.o                    c64/crt0.s:8
ldaidx (ldai.o):
    main.c.1513054.1.o        main.c.1513054.1.s:849
    main.c.1513054.1.o        main.c.1513054.1.s:849
    game.c.1513054.0.o        game.c.1513054.0.s:2363
    game.c.1513054.0.o        game.c.1513054.0.s:2363
    game.c.1513054.0.o        game.c.1513054.0.s:2363
    game.c.1513054.0.o        game.c.1513054.0.s:2363
    game.c.1513054.0.o        game.c.1513054.0.s:2363
ldax0sp (ldaxsp.o):
    main.c.1513054.1.o        main.c.1513054.1.s:849
    main.c.1513054.1.o        main.c.1513054.1.s:849
    game.c.1513054.0.o        game.c.1513054.0.s:2363
    game.c.1513054.0.o        game.c.1513054.0.s:2363
    game.c.1513054.0.o        game.c.1513054.0.s:2363
ldaxidx (ldaxi.o):
    game.c.1513054.0.o        game.c.1513054.0.s:2363
    game.c.1513054.0.o        game.c.1513054.0.s:2363
ldaxysp (ldaxsp.o):
    maze.c.1513054.2.o        maze.c.1513054.2.s:794
    maze.c.1513054.2.o        maze.c.1513054.2.s:794
    main.c.1513054.1.o        main.c.1513054.1.s:849
    main.c.1513054.1.o        main.c.1513054.1.s:849
    main.c.1513054.1.o        main.c.1513054.1.s:849
    game.c.1513054.0.o        game.c.1513054.0.s:2363
    game.c.1513054.0.o        game.c.1513054.0.s:2363
    game.c.1513054.0.o        game.c.1513054.0.s:2363
    game.c.1513054.0.o        game.c.1513054.0.s:2363
    game.c.1513054.0.o        game.c.1513054.0.s:2363
    game.c.1513054.0.o        game.c.1513054.0.s:2363
    game.c.1513054.0.o        game.c.1513054.0.s:2363
    game.c.1513054.0.o        game.c.1513054.0.s:2363
    game.c.1513054.0.o        game.c.1513054.0.s:2363
ldptr10sp (ldptr1sp.o):
    main.c.1513054.1.o        main.c.1513054.1.s:849
ldptr1ysp (ldptr1sp.o):
    main.c.1513054.1.o        main.c.1513054.1.s:849
    main.c.1513054.1.o        main.c.1513054.1.s:849
    game.c.1513054.0.o        game.c.1513054.0.s:2363
    game.c.1513054.0.o        game.c.1513054.0.s:2363
    game.c.1513054.0.o        game.c.1513054.0.s:2363
    game.c.1513054.0.o        game.c.1513054.0.s:2363
    game.c.1513054.0.o        game.c.1513054.0.s:2363
leaa0sp (leaaxsp.o):
    main.c.1513054.1.o        main.c.1513054.1.s:849
leaaxsp (leaaxsp.o):
    game.c.1513054.0.o        game.c.1513054.0.s:2363
plot (cputc.o):
    gotoxy.o                  cbm/gotoxy.s:8
popa (popa.o):
    gotoxy.o                  cbm/gotoxy.s:8
popax (incsp2.o):
    memset.o                  common/memset.s:19
popptr1 (popptr1.o):
    umod.o                    runtime/umod.s:8
    udiv.o                    runtime/udiv.s:9
    mul8.o                    runtime/mul8.s:9
ptr1 (zeropage.o):
    zerobss.o                 common/zerobss.s:9
    udiv.o                    runtime/udiv.s:10
    staxspi.o                 runtime/staxspi.s:10
    staspidx.o                runtime/staspidx.s:9
    pushw.o                   runtime/pushw.s:9
    popptr1.o                 runtime/popptr1.s:9
    mul8.o                    runtime/mul8.s:10
    memset.o                  common/memset.s:20
    ldptr1sp.o                runtime/ldptr1sp.s:8
    ldaxi.o                   runtime/ldaxi.s:8
    ldai.o                    runtime/ldai.s:8
    cputs.o                   conio/cputs.s:10
    maze.c.1513054.2.o        maze.c.1513054.2.s:11
    main.c.1513054.1.o        main.c.1513054.1.s:11
    game.c.1513054.0.o        game.c.1513054.0.s:11
ptr2 (zeropage.o):
    memset.o                  common/memset.s:20
    game.c.1513054.0.o        game.c.1513054.0.s:11
ptr3 (zeropage.o):
    memset.o                  common/memset.s:20
ptr4 (zeropage.o):
    umod.o                    runtime/umod.s:9
    udiv.o                    runtime/udiv.s:10
    mul8.o                    runtime/mul8.s:10
pusha (pusha.o):
    maze.c.1513054.2.o        maze.c.1513054.2.s:794
    maze.c.1513054.2.o        maze.c.1513054.2.s:794
    maze.c.1513054.2.o        maze.c.1513054.2.s:794
    main.c.1513054.1.o        main.c.1513054.1.s:849
    main.c.1513054.1.o        main.c.1513054.1.s:849
    main.c.1513054.1.o        main.c.1513054.1.s:849
    main.c.1513054.1.o        main.c.1513054.1.s:849
    main.c.1513054.1.o        main.c.1513054.1.s:849
    main.c.1513054.1.o        main.c.1513054.1.s:849
    main.c.1513054.1.o        main.c.1513054.1.s:849
    main.c.1513054.1.o        main.c.1513054.1.s:849
    main.c.1513054.1.o        main.c.1513054.1.s:849
    main.c.1513054.1.o        main.c.1513054.1.s:849
    game.c.1513054.0.o        game.c.1513054.0.s:2363
    game.c.1513054.0.o        game.c.1513054.0.s:2363
    game.c.1513054.0.o        game.c.1513054.0.s:2363
    game.c.1513054.0.o        game.c.1513054.0.s:2363
    game.c.1513054.0.o        game.c.1513054.0.s:2363
    game.c.1513054.0.o        game.c.1513054.0.s:2363
    game.c.1513054.0.o        game.c.1513054.0.s:2363
    game.c.1513054.0.o        game.c.1513054.0.s:2363
pusha0 (pushax.o):
    maze.c.1513054.2.o        maze.c.1513054.2.s:794
    maze.c.1513054.2.o        maze.c.1513054.2.s:794
    maze.c.1513054.2.o        maze.c.1513054.2.s:794
    maze.c.1513054.2.o        maze.c.1513054.2.s:794
    main.c.1513054.1.o        main.c.1513054.1.s:849
    game.c.1513054.0.o        game.c.1513054.0.s:2363
    game.c.1513054.0.o        game.c.1513054.0.s:2363
    game.c.1513054.0.o        game.c.1513054.0.s:2363
    game.c.1513054.0.o        game.c.1513054.0.s:2363
    game.c.1513054.0.o        game.c.1513054.0.s:2363
    game.c.1513054.0.o        game.c.1513054.0.s:2363
pushax (pushax.o):
    callmain.o                runtime/callmain.s:11
    pushw.o                   runtime/pushw.s:8
    maze.c.1513054.2.o        maze.c.1513054.2.s:794
    maze.c.1513054.2.o        maze.c.1513054.2.s:794
    maze.c.1513054.2.o        maze.c.1513054.2.s:794
    main.c.1513054.1.o        main.c.1513054.1.s:849
    main.c.1513054.1.o        main.c.1513054.1.s:849
    main.c.1513054.1.o        main.c.1513054.1.s:849
    main.c.1513054.1.o        main.c.1513054.1.s:849
    main.c.1513054.1.o        main.c.1513054.1.s:849
    main.c.1513054.1.o        main.c.1513054.1.s:849
    main.c.1513054.1.o        main.c.1513054.1.s:849
    main.c.1513054.1.o        main.c.1513054.1.s:849
    game.c.1513054.0.o        game.c.1513054.0.s:2363
    game.c.1513054.0.o        game.c.1513054.0.s:2363
    game.c.1513054.0.o        game.c.1513054.0.s:2363
    game.c.1513054.0.o        game.c.1513054.0.s:2363
    game.c.1513054.0.o        game.c.1513054.0.s:2363
    game.c.1513054.0.o        game.c.1513054.0.s:2363
    game.c.1513054.0.o        game.c.1513054.0.s:2363
    game.c.1513054.0.o        game.c.1513054.0.s:2363
    game.c.1513054.0.o        game.c.1513054.0.s:2363
    game.c.1513054.0.o        game.c.1513054.0.s:2363
    game.c.1513054.0.o        game.c.1513054.0.s:2363
    game.c.1513054.0.o        game.c.1513054.0.s:2363
    game.c.1513054.0.o        game.c.1513054.0.s:2363
    game.c.1513054.0.o        game.c.1513054.0.s:2363
pushw0sp (pushwsp.o):
    main.c.1513054.1.o        main.c.1513054.1.s:849
    game.c.1513054.0.o        game.c.1513054.0.s:2363
    game.c.1513054.0.o        game.c.1513054.0.s:2363
pushwidx (pushw.o):
    main.c.1513054.1.o        main.c.1513054.1.s:849
    game.c.1513054.0.o        game.c.1513054.0.s:2363
    game.c.1513054.0.o        game.c.1513054.0.s:2363
pushwysp (pushwsp.o):
    maze.c.1513054.2.o        maze.c.1513054.2.s:794
    game.c.1513054.0.o        game.c.1513054.0.s:2363
    game.c.1513054.0.o        game.c.1513054.0.s:2363
    game.c.1513054.0.o        game.c.1513054.0.s:2363
    game.c.1513054.0.o        game.c.1513054.0.s:2363
    game.c.1513054.0.o        game.c.1513054.0.s:2363
    game.c.1513054.0.o        game.c.1513054.0.s:2363
    game.c.1513054.0.o        game.c.1513054.0.s:2363
    game.c.1513054.0.o        game.c.1513054.0.s:2363
    game.c.1513054.0.o        game.c.1513054.0.s:2363
shlax1 (aslax1.o):
    game.c.1513054.0.o        game.c.1513054.0.s:2363
sreg (zeropage.o):
    umod.o                    runtime/umod.s:9
    udiv.o                    runtime/udiv.s:10
    icmp.o                    runtime/icmp.s:9
    main.c.1513054.1.o        main.c.1513054.1.s:10
    game.c.1513054.0.o        game.c.1513054.0.s:10
staspidx (staspidx.o):
    maze.c.1513054.2.o        maze.c.1513054.2.s:794
    maze.c.1513054.2.o        maze.c.1513054.2.s:794
    game.c.1513054.0.o        game.c.1513054.0.s:2363
    game.c.1513054.0.o        game.c.1513054.0.s:2363
    game.c.1513054.0.o        game.c.1513054.0.s:2363
    game.c.1513054.0.o        game.c.1513054.0.s:2363
    game.c.1513054.0.o        game.c.1513054.0.s:2363
    game.c.1513054.0.o        game.c.1513054.0.s:2363
staxspidx (staxspi.o):
    game.c.1513054.0.o        game.c.1513054.0.s:2363
    game.c.1513054.0.o        game.c.1513054.0.s:2363
    game.c.1513054.0.o        game.c.1513054.0.s:2363
staxysp (staxsp.o):
    game.c.1513054.0.o        game.c.1513054.0.s:2363
subeqysp (subeqsp.o):
    main.c.1513054.1.o        main.c.1513054.1.s:849
tmp1 (zeropage.o):
    staxspi.o                 runtime/staxspi.s:10
    staspidx.o                runtime/staspidx.s:9
    incaxy.o                  runtime/incaxy.s:8
    aslax3.o                  runtime/aslax3.s:8
    aslax1.o                  runtime/aslax1.s:8
    add.o                     runtime/add.s:12
tosaddax (add.o):
    maze.c.1513054.2.o        maze.c.1513054.2.s:794
    main.c.1513054.1.o        main.c.1513054.1.s:849
    game.c.1513054.0.o        game.c.1513054.0.s:2363
    game.c.1513054.0.o        game.c.1513054.0.s:2363
    game.c.1513054.0.o        game.c.1513054.0.s:2363
    game.c.1513054.0.o        game.c.1513054.0.s:2363
    game.c.1513054.0.o        game.c.1513054.0.s:2363
tosicmp (icmp.o):
    game.c.1513054.0.o        game.c.1513054.0.s:2363
    game.c.1513054.0.o        game.c.1513054.0.s:2363
    game.c.1513054.0.o        game.c.1513054.0.s:2363
tosmula0 (mul8.o):
    maze.c.1513054.2.o        maze.c.1513054.2.s:794
    maze.c.1513054.2.o        maze.c.1513054.2.s:794
    maze.c.1513054.2.o        maze.c.1513054.2.s:794
    maze.c.1513054.2.o        maze.c.1513054.2.s:794
    main.c.1513054.1.o        main.c.1513054.1.s:849
    game.c.1513054.0.o        game.c.1513054.0.s:2363
    game.c.1513054.0.o        game.c.1513054.0.s:2363
    game.c.1513054.0.o        game.c.1513054.0.s:2363
    game.c.1513054.0.o        game.c.1513054.0.s:2363
    game.c.1513054.0.o        game.c.1513054.0.s:2363
tossuba0 (sub.o):
    game.c.1513054.0.o        game.c.1513054.0.s:2363
tosudiva0 (udiv.o):
    main.c.1513054.1.o        main.c.1513054.1.s:849
tosudivax (udiv.o):
    main.c.1513054.1.o        main.c.1513054.1.s:849
tosumoda0 (umod.o):
    main.c.1513054.1.o        main.c.1513054.1.s:849
udiv16 (udiv.o):
    umod.o                    runtime/umod.s:8
zerobss (zerobss.o):
    crt0.o                    c64/crt0.s:9

